  0%|          | 0/600 [00:00<?, ?it/s]  0%|          | 0/600 [00:00<?, ?it/s]W0405 01:07:54.693415  584491 bfc_allocator.cc:501] Allocator (GPU_0_bfc) ran out of memory trying to allocate 11.15GiB (rounded to 11976646144)requested by op 
If the cause is memory fragmentation maybe the environment variable 'TF_GPU_ALLOCATOR=cuda_malloc_async' will improve the situation. 
Current allocation summary follows.
Current allocation summary follows.
W0405 01:07:54.693947  584491 bfc_allocator.cc:512] ___________________________________________________________________________________________________*
E0405 01:07:54.693973  584491 pjrt_stream_executor_client.cc:3314] Execution of replica 0 failed: RESOURCE_EXHAUSTED: Out of memory while trying to allocate 11976646136 bytes. [tf-allocator-allocation-error='']
  0%|          | 0/600 [01:21<?, ?it/s]
Traceback (most recent call last):
  File "/users/eleves-b/2024/nathan.dupuy/NeuralNetworkQuantumStates-3/Foundational/train_fonctionnels/2D_avec_desordre_pluri_h0.py", line 362, in <module>
    gs.run(
  File "/users/eleves-b/2024/nathan.dupuy/NeuralNetworkQuantumStates-3/netket_pro/packages/advanced_drivers/_src/driver/abstract_variational_driver.py", line 452, in run
    raise error
  File "/users/eleves-b/2024/nathan.dupuy/NeuralNetworkQuantumStates-3/netket_pro/packages/advanced_drivers/_src/driver/abstract_variational_driver.py", line 413, in run
    self._loss_stats, self._dp = self.compute_loss_and_update()
                                 ^^^^^^^^^^^^^^^^^^^^^^^^^^^^^^
  File "/users/eleves-b/2024/nathan.dupuy/miniconda3/envs/netket_env/lib/python3.11/site-packages/netket/utils/timing.py", line 292, in timed_function
    result = fun(*args, **kwargs)  # type: ignore[misc]
             ^^^^^^^^^^^^^^^^^^^^
  File "/users/eleves-b/2024/nathan.dupuy/NeuralNetworkQuantumStates-3/netket_pro/experiments/netket_foundational/_src/driver/ngd/driver_vmc_ngd.py", line 196, in compute_loss_and_update
    self._dp, self._old_updates, self.info = self.update_fn(
                                             ^^^^^^^^^^^^^^^
  File "/users/eleves-b/2024/nathan.dupuy/miniconda3/envs/netket_env/lib/python3.11/site-packages/netket/utils/timing.py", line 292, in timed_function
    result = fun(*args, **kwargs)  # type: ignore[misc]
             ^^^^^^^^^^^^^^^^^^^^
jaxlib._jax.XlaRuntimeError: RESOURCE_EXHAUSTED: Out of memory while trying to allocate 11976646136 bytes.
--------------------
For simplicity, JAX has removed its internal frames from the traceback of the following exception. Set JAX_TRACEBACK_FILTERING=off to include these.
