/users/eleves-b/2024/nathan.dupuy/NeuralNetworkQuantumStates-3/netket_pro/experiments/netket_foundational/_src/vqs/state.py:335: FutureWarning: Call to deprecated function 'check_chunk_size' (This function has been removed. People should be free to use the chunk size they prefer.)
  check_chunk_size(n_samples, self.chunk_size)
dim=1D, L=36, nb_spins=36, burn_in=100
RUN_DIR: /users/eleves-b/2024/nathan.dupuy/NeuralNetworkQuantumStates-3/Foundational/logs/Trains_autour_transi_1D/L=36
Checkpoint: /users/eleves-b/2024/nathan.dupuy/NeuralNetworkQuantumStates-3/Foundational/logs/Trains_autour_transi_1D/L=36/state_490.nk
Poids charges.

Chunk 19/20: h0 indices 19-19 (1 points)

======================================================================
IMPORTANCE SAMPLING 1D (L=36, 36 spins) -- Best of 3 MCMC trials
IS config: 16384 samples, 256 chaines, 100 burn-in
1 h0 (chunk 19/20) x 7 sigma x 80 disorder configs
======================================================================
h0 sweep (chunk 19):   0%|          | 0/1 [00:00<?, ?it/s]  h0=1.200: best trial=1, ESS check=14376
h0 sweep (chunk 19): 100%|██████████| 1/1 [10:14<00:00, 614.21s/it]h0 sweep (chunk 19): 100%|██████████| 1/1 [10:14<00:00, 614.21s/it]

Donnees sauvegardees: /users/eleves-b/2024/nathan.dupuy/NeuralNetworkQuantumStates-3/Foundational/logs/Trains_autour_transi_1D/L=36/is_data_1D_L36_chunk19.npz
Echantillons sauvegardes: /users/eleves-b/2024/nathan.dupuy/NeuralNetworkQuantumStates-3/Foundational/logs/Trains_autour_transi_1D/L=36/is_samples_1D_L36_chunk19.npz

======================================================================
Temps total: 614.2s
ESS moyen: 12220 / 16384
ESS min:   104
======================================================================
  sigma=0.00 : ESS moyen=16384, min=16384
  sigma=0.05 : ESS moyen=16220, min=16019
  sigma=0.10 : ESS moyen=15674, min=14938
  sigma=0.15 : ESS moyen=14653, min=11380
  sigma=0.20 : ESS moyen=13501, min=8057
  sigma=0.30 : ESS moyen=9608, min=1528
  sigma=0.50 : ESS moyen=3614, min=104
