/users/eleves-b/2024/nathan.dupuy/NeuralNetworkQuantumStates-3/netket_pro/experiments/netket_foundational/_src/vqs/state.py:335: FutureWarning: Call to deprecated function 'check_chunk_size' (This function has been removed. People should be free to use the chunk size they prefer.)
  check_chunk_size(n_samples, self.chunk_size)
dim=1D, L=24, nb_spins=24, burn_in=100
RUN_DIR: /users/eleves-b/2024/nathan.dupuy/NeuralNetworkQuantumStates-3/Foundational/logs/Trains_autour_transi_1D/L=24
Checkpoint: /users/eleves-b/2024/nathan.dupuy/NeuralNetworkQuantumStates-3/Foundational/logs/Trains_autour_transi_1D/L=24/state_490.nk
Poids charges.

Chunk 11/20: h0 indices 11-11 (1 points)

======================================================================
IMPORTANCE SAMPLING 1D (L=24, 24 spins) -- Best of 3 MCMC trials
IS config: 16384 samples, 256 chaines, 100 burn-in
1 h0 (chunk 11/20) x 7 sigma x 80 disorder configs
======================================================================
h0 sweep (chunk 11):   0%|          | 0/1 [00:00<?, ?it/s]  h0=1.032: best trial=1, ESS check=14460
h0 sweep (chunk 11): 100%|██████████| 1/1 [12:12<00:00, 732.76s/it]h0 sweep (chunk 11): 100%|██████████| 1/1 [12:12<00:00, 732.76s/it]

Donnees sauvegardees: /users/eleves-b/2024/nathan.dupuy/NeuralNetworkQuantumStates-3/Foundational/logs/Trains_autour_transi_1D/L=24/is_data_1D_L24_chunk11.npz
Echantillons sauvegardes: /users/eleves-b/2024/nathan.dupuy/NeuralNetworkQuantumStates-3/Foundational/logs/Trains_autour_transi_1D/L=24/is_samples_1D_L24_chunk11.npz

======================================================================
Temps total: 732.8s
ESS moyen: 12734 / 16384
ESS min:   2297
======================================================================
  sigma=0.00 : ESS moyen=16384, min=16384
  sigma=0.05 : ESS moyen=16164, min=15420
  sigma=0.10 : ESS moyen=15484, min=13587
  sigma=0.15 : ESS moyen=14294, min=9861
  sigma=0.20 : ESS moyen=13326, min=10894
  sigma=0.30 : ESS moyen=10747, min=5867
  sigma=0.50 : ESS moyen=6345, min=2297
