/users/eleves-b/2024/nathan.dupuy/NeuralNetworkQuantumStates-3/netket_pro/experiments/netket_foundational/_src/vqs/state.py:335: FutureWarning: Call to deprecated function 'check_chunk_size' (This function has been removed. People should be free to use the chunk size they prefer.)
  check_chunk_size(n_samples, self.chunk_size)
dim=1D, L=48, nb_spins=48, burn_in=300
RUN_DIR: /users/eleves-b/2024/nathan.dupuy/NeuralNetworkQuantumStates-3/Foundational/logs/Trains_autour_transi_1D/L=48
Checkpoint: /users/eleves-b/2024/nathan.dupuy/NeuralNetworkQuantumStates-3/Foundational/logs/Trains_autour_transi_1D/L=48/state_490.nk
Poids charges.

Chunk 19/20: h0 indices 19-19 (1 points)

======================================================================
IMPORTANCE SAMPLING 1D (L=48, 48 spins) -- Best of 3 MCMC trials
IS config: 16384 samples, 256 chaines, 300 burn-in
1 h0 (chunk 19/20) x 7 sigma x 80 disorder configs
======================================================================
h0 sweep (chunk 19):   0%|          | 0/1 [00:00<?, ?it/s]  h0=1.200: best trial=2, ESS check=12955
h0 sweep (chunk 19): 100%|██████████| 1/1 [21:42<00:00, 1302.23s/it]h0 sweep (chunk 19): 100%|██████████| 1/1 [21:42<00:00, 1302.23s/it]

Donnees sauvegardees: /users/eleves-b/2024/nathan.dupuy/NeuralNetworkQuantumStates-3/Foundational/logs/Trains_autour_transi_1D/L=48/is_data_1D_L48_chunk19.npz
Echantillons sauvegardes: /users/eleves-b/2024/nathan.dupuy/NeuralNetworkQuantumStates-3/Foundational/logs/Trains_autour_transi_1D/L=48/is_samples_1D_L48_chunk19.npz

======================================================================
Temps total: 1302.2s
ESS moyen: 10347 / 16384
ESS min:   96
======================================================================
  sigma=0.00 : ESS moyen=16384, min=16384
  sigma=0.05 : ESS moyen=16007, min=15422
  sigma=0.10 : ESS moyen=14795, min=12002
  sigma=0.15 : ESS moyen=12983, min=8022
  sigma=0.20 : ESS moyen=10925, min=5575
  sigma=0.30 : ESS moyen=5903, min=1004
  sigma=0.50 : ESS moyen=1393, min=96
