/users/eleves-b/2024/nathan.dupuy/NeuralNetworkQuantumStates-3/netket_pro/experiments/netket_foundational/_src/vqs/state.py:335: FutureWarning: Call to deprecated function 'check_chunk_size' (This function has been removed. People should be free to use the chunk size they prefer.)
  check_chunk_size(n_samples, self.chunk_size)
dim=1D, L=16, nb_spins=16, burn_in=100
RUN_DIR: /users/eleves-b/2024/nathan.dupuy/NeuralNetworkQuantumStates-3/Foundational/logs/Trains_autour_transi_1D/L=16
Checkpoint: /users/eleves-b/2024/nathan.dupuy/NeuralNetworkQuantumStates-3/Foundational/logs/Trains_autour_transi_1D/L=16/state_490.nk
Poids charges.

Chunk 13/20: h0 indices 13-13 (1 points)

======================================================================
IMPORTANCE SAMPLING 1D (L=16, 16 spins) -- Best of 3 MCMC trials
IS config: 16384 samples, 256 chaines, 100 burn-in
1 h0 (chunk 13/20) x 7 sigma x 80 disorder configs
======================================================================
h0 sweep (chunk 13):   0%|          | 0/1 [00:00<?, ?it/s]  h0=1.074: best trial=1, ESS check=14694
h0 sweep (chunk 13): 100%|██████████| 1/1 [08:14<00:00, 494.68s/it]h0 sweep (chunk 13): 100%|██████████| 1/1 [08:14<00:00, 494.68s/it]

Donnees sauvegardees: /users/eleves-b/2024/nathan.dupuy/NeuralNetworkQuantumStates-3/Foundational/logs/Trains_autour_transi_1D/L=16/is_data_1D_L16_chunk13.npz
Echantillons sauvegardes: /users/eleves-b/2024/nathan.dupuy/NeuralNetworkQuantumStates-3/Foundational/logs/Trains_autour_transi_1D/L=16/is_samples_1D_L16_chunk13.npz

======================================================================
Temps total: 494.7s
ESS moyen: 13291 / 16384
ESS min:   2990
======================================================================
  sigma=0.00 : ESS moyen=16384, min=16384
  sigma=0.05 : ESS moyen=16226, min=15495
  sigma=0.10 : ESS moyen=15775, min=14796
  sigma=0.15 : ESS moyen=14829, min=9854
  sigma=0.20 : ESS moyen=13976, min=9401
  sigma=0.30 : ESS moyen=11363, min=5153
  sigma=0.50 : ESS moyen=7539, min=2990
