/users/eleves-b/2024/nathan.dupuy/NeuralNetworkQuantumStates-3/netket_pro/experiments/netket_foundational/_src/vqs/state.py:335: FutureWarning: Call to deprecated function 'check_chunk_size' (This function has been removed. People should be free to use the chunk size they prefer.)
  check_chunk_size(n_samples, self.chunk_size)
dim=1D, L=36, nb_spins=36, burn_in=100
RUN_DIR: /users/eleves-b/2024/nathan.dupuy/NeuralNetworkQuantumStates-3/Foundational/logs/Trains_autour_transi_1D/L=36
Checkpoint: /users/eleves-b/2024/nathan.dupuy/NeuralNetworkQuantumStates-3/Foundational/logs/Trains_autour_transi_1D/L=36/state_490.nk
Poids charges.

Chunk 10/20: h0 indices 10-10 (1 points)

======================================================================
IMPORTANCE SAMPLING 1D (L=36, 36 spins) -- Best of 3 MCMC trials
IS config: 16384 samples, 256 chaines, 100 burn-in
1 h0 (chunk 10/20) x 7 sigma x 80 disorder configs
======================================================================
h0 sweep (chunk 10):   0%|          | 0/1 [00:00<?, ?it/s]  h0=1.011: best trial=1, ESS check=12934
h0 sweep (chunk 10): 100%|██████████| 1/1 [10:19<00:00, 619.54s/it]h0 sweep (chunk 10): 100%|██████████| 1/1 [10:19<00:00, 619.54s/it]

Donnees sauvegardees: /users/eleves-b/2024/nathan.dupuy/NeuralNetworkQuantumStates-3/Foundational/logs/Trains_autour_transi_1D/L=36/is_data_1D_L36_chunk10.npz
Echantillons sauvegardes: /users/eleves-b/2024/nathan.dupuy/NeuralNetworkQuantumStates-3/Foundational/logs/Trains_autour_transi_1D/L=36/is_samples_1D_L36_chunk10.npz

======================================================================
Temps total: 619.6s
ESS moyen: 10969 / 16384
ESS min:   1365
======================================================================
  sigma=0.00 : ESS moyen=16384, min=16384
  sigma=0.05 : ESS moyen=16006, min=15298
  sigma=0.10 : ESS moyen=14838, min=12810
  sigma=0.15 : ESS moyen=12924, min=7646
  sigma=0.20 : ESS moyen=11298, min=6372
  sigma=0.30 : ESS moyen=7330, min=2734
  sigma=0.50 : ESS moyen=3351, min=1365
