/users/eleves-b/2024/nathan.dupuy/NeuralNetworkQuantumStates-3/netket_pro/experiments/netket_foundational/_src/vqs/state.py:335: FutureWarning: Call to deprecated function 'check_chunk_size' (This function has been removed. People should be free to use the chunk size they prefer.)
  check_chunk_size(n_samples, self.chunk_size)
dim=1D, L=16, nb_spins=16, burn_in=100
RUN_DIR: /users/eleves-b/2024/nathan.dupuy/NeuralNetworkQuantumStates-3/Foundational/logs/Trains_autour_transi_1D/L=16
Checkpoint: /users/eleves-b/2024/nathan.dupuy/NeuralNetworkQuantumStates-3/Foundational/logs/Trains_autour_transi_1D/L=16/state_490.nk
Poids charges.

Chunk 10/20: h0 indices 10-10 (1 points)

======================================================================
IMPORTANCE SAMPLING 1D (L=16, 16 spins) -- Best of 3 MCMC trials
IS config: 16384 samples, 256 chaines, 100 burn-in
1 h0 (chunk 10/20) x 7 sigma x 80 disorder configs
======================================================================
h0 sweep (chunk 10):   0%|          | 0/1 [00:00<?, ?it/s]  h0=1.011: best trial=0, ESS check=14560
h0 sweep (chunk 10): 100%|██████████| 1/1 [03:14<00:00, 194.89s/it]h0 sweep (chunk 10): 100%|██████████| 1/1 [03:14<00:00, 194.89s/it]

Donnees sauvegardees: /users/eleves-b/2024/nathan.dupuy/NeuralNetworkQuantumStates-3/Foundational/logs/Trains_autour_transi_1D/L=16/is_data_1D_L16_chunk10.npz
Echantillons sauvegardes: /users/eleves-b/2024/nathan.dupuy/NeuralNetworkQuantumStates-3/Foundational/logs/Trains_autour_transi_1D/L=16/is_samples_1D_L16_chunk10.npz

======================================================================
Temps total: 194.9s
ESS moyen: 13257 / 16384
ESS min:   4316
======================================================================
  sigma=0.00 : ESS moyen=16384, min=16384
  sigma=0.05 : ESS moyen=16182, min=15357
  sigma=0.10 : ESS moyen=15614, min=14085
  sigma=0.15 : ESS moyen=14623, min=10582
  sigma=0.20 : ESS moyen=13685, min=10177
  sigma=0.30 : ESS moyen=11413, min=6832
  sigma=0.50 : ESS moyen=7983, min=4316
