/users/eleves-b/2024/nathan.dupuy/NeuralNetworkQuantumStates-3/netket_pro/experiments/netket_foundational/_src/vqs/state.py:335: FutureWarning: Call to deprecated function 'check_chunk_size' (This function has been removed. People should be free to use the chunk size they prefer.)
  check_chunk_size(n_samples, self.chunk_size)
dim=1D, L=36, nb_spins=36, burn_in=100
RUN_DIR: /users/eleves-b/2024/nathan.dupuy/NeuralNetworkQuantumStates-3/Foundational/logs/Trains_autour_transi_1D/L=36
Checkpoint: /users/eleves-b/2024/nathan.dupuy/NeuralNetworkQuantumStates-3/Foundational/logs/Trains_autour_transi_1D/L=36/state_490.nk
Poids charges.

Chunk 17/20: h0 indices 17-17 (1 points)

======================================================================
IMPORTANCE SAMPLING 1D (L=36, 36 spins) -- Best of 3 MCMC trials
IS config: 16384 samples, 256 chaines, 100 burn-in
1 h0 (chunk 17/20) x 7 sigma x 80 disorder configs
======================================================================
h0 sweep (chunk 17):   0%|          | 0/1 [00:00<?, ?it/s]  h0=1.158: best trial=2, ESS check=14084
h0 sweep (chunk 17): 100%|██████████| 1/1 [12:48<00:00, 768.07s/it]h0 sweep (chunk 17): 100%|██████████| 1/1 [12:48<00:00, 768.07s/it]

Donnees sauvegardees: /users/eleves-b/2024/nathan.dupuy/NeuralNetworkQuantumStates-3/Foundational/logs/Trains_autour_transi_1D/L=36/is_data_1D_L36_chunk17.npz
Echantillons sauvegardes: /users/eleves-b/2024/nathan.dupuy/NeuralNetworkQuantumStates-3/Foundational/logs/Trains_autour_transi_1D/L=36/is_samples_1D_L36_chunk17.npz

======================================================================
Temps total: 768.1s
ESS moyen: 11861 / 16384
ESS min:   194
======================================================================
  sigma=0.00 : ESS moyen=16384, min=16384
  sigma=0.05 : ESS moyen=16189, min=15917
  sigma=0.10 : ESS moyen=15540, min=14698
  sigma=0.15 : ESS moyen=14305, min=9779
  sigma=0.20 : ESS moyen=13006, min=6604
  sigma=0.30 : ESS moyen=8802, min=1115
  sigma=0.50 : ESS moyen=3267, min=194
