/users/eleves-b/2024/nathan.dupuy/NeuralNetworkQuantumStates-3/netket_pro/experiments/netket_foundational/_src/vqs/state.py:335: FutureWarning: Call to deprecated function 'check_chunk_size' (This function has been removed. People should be free to use the chunk size they prefer.)
  check_chunk_size(n_samples, self.chunk_size)
dim=1D, L=36, nb_spins=36, burn_in=100
RUN_DIR: /users/eleves-b/2024/nathan.dupuy/NeuralNetworkQuantumStates-3/Foundational/logs/Trains_autour_transi_1D/L=36
Checkpoint: /users/eleves-b/2024/nathan.dupuy/NeuralNetworkQuantumStates-3/Foundational/logs/Trains_autour_transi_1D/L=36/state_490.nk
Poids charges.

Chunk 14/20: h0 indices 14-14 (1 points)

======================================================================
IMPORTANCE SAMPLING 1D (L=36, 36 spins) -- Best of 3 MCMC trials
IS config: 16384 samples, 256 chaines, 100 burn-in
1 h0 (chunk 14/20) x 7 sigma x 80 disorder configs
======================================================================
h0 sweep (chunk 14):   0%|          | 0/1 [00:00<?, ?it/s]  h0=1.095: best trial=2, ESS check=13567
h0 sweep (chunk 14): 100%|██████████| 1/1 [13:47<00:00, 827.49s/it]h0 sweep (chunk 14): 100%|██████████| 1/1 [13:47<00:00, 827.49s/it]

Donnees sauvegardees: /users/eleves-b/2024/nathan.dupuy/NeuralNetworkQuantumStates-3/Foundational/logs/Trains_autour_transi_1D/L=36/is_data_1D_L36_chunk14.npz
Echantillons sauvegardes: /users/eleves-b/2024/nathan.dupuy/NeuralNetworkQuantumStates-3/Foundational/logs/Trains_autour_transi_1D/L=36/is_samples_1D_L36_chunk14.npz

======================================================================
Temps total: 827.5s
ESS moyen: 11346 / 16384
ESS min:   396
======================================================================
  sigma=0.00 : ESS moyen=16384, min=16384
  sigma=0.05 : ESS moyen=16127, min=15695
  sigma=0.10 : ESS moyen=15275, min=13792
  sigma=0.15 : ESS moyen=13679, min=7749
  sigma=0.20 : ESS moyen=12170, min=5449
  sigma=0.30 : ESS moyen=7799, min=1404
  sigma=0.50 : ESS moyen=2962, min=396
