/users/eleves-b/2024/nathan.dupuy/NeuralNetworkQuantumStates-3/netket_pro/experiments/netket_foundational/_src/vqs/state.py:335: FutureWarning: Call to deprecated function 'check_chunk_size' (This function has been removed. People should be free to use the chunk size they prefer.)
  check_chunk_size(n_samples, self.chunk_size)
dim=1D, L=16, nb_spins=16, burn_in=100
RUN_DIR: /users/eleves-b/2024/nathan.dupuy/NeuralNetworkQuantumStates-3/Foundational/logs/Trains_autour_transi_1D/L=16
Checkpoint: /users/eleves-b/2024/nathan.dupuy/NeuralNetworkQuantumStates-3/Foundational/logs/Trains_autour_transi_1D/L=16/state_490.nk
Poids charges.

Chunk 17/20: h0 indices 17-17 (1 points)

======================================================================
IMPORTANCE SAMPLING 1D (L=16, 16 spins) -- Best of 3 MCMC trials
IS config: 16384 samples, 256 chaines, 100 burn-in
1 h0 (chunk 17/20) x 7 sigma x 80 disorder configs
======================================================================
h0 sweep (chunk 17):   0%|          | 0/1 [00:00<?, ?it/s]  h0=1.158: best trial=1, ESS check=15073
h0 sweep (chunk 17): 100%|██████████| 1/1 [03:36<00:00, 216.25s/it]h0 sweep (chunk 17): 100%|██████████| 1/1 [03:36<00:00, 216.25s/it]

Donnees sauvegardees: /users/eleves-b/2024/nathan.dupuy/NeuralNetworkQuantumStates-3/Foundational/logs/Trains_autour_transi_1D/L=16/is_data_1D_L16_chunk17.npz
Echantillons sauvegardes: /users/eleves-b/2024/nathan.dupuy/NeuralNetworkQuantumStates-3/Foundational/logs/Trains_autour_transi_1D/L=16/is_samples_1D_L16_chunk17.npz

======================================================================
Temps total: 216.3s
ESS moyen: 13599 / 16384
ESS min:   1609
======================================================================
  sigma=0.00 : ESS moyen=16384, min=16384
  sigma=0.05 : ESS moyen=16281, min=15869
  sigma=0.10 : ESS moyen=15977, min=15388
  sigma=0.15 : ESS moyen=15263, min=10656
  sigma=0.20 : ESS moyen=14574, min=10183
  sigma=0.30 : ESS moyen=11975, min=3900
  sigma=0.50 : ESS moyen=7487, min=1609
