/users/eleves-b/2024/nathan.dupuy/NeuralNetworkQuantumStates-3/netket_pro/experiments/netket_foundational/_src/vqs/state.py:335: FutureWarning: Call to deprecated function 'check_chunk_size' (This function has been removed. People should be free to use the chunk size they prefer.)
  check_chunk_size(n_samples, self.chunk_size)
dim=1D, L=24, nb_spins=24, burn_in=100
RUN_DIR: /users/eleves-b/2024/nathan.dupuy/NeuralNetworkQuantumStates-3/Foundational/logs/Trains_autour_transi_1D/L=24
Checkpoint: /users/eleves-b/2024/nathan.dupuy/NeuralNetworkQuantumStates-3/Foundational/logs/Trains_autour_transi_1D/L=24/state_490.nk
Poids charges.

Chunk 19/20: h0 indices 19-19 (1 points)

======================================================================
IMPORTANCE SAMPLING 1D (L=24, 24 spins) -- Best of 3 MCMC trials
IS config: 16384 samples, 256 chaines, 100 burn-in
1 h0 (chunk 19/20) x 7 sigma x 80 disorder configs
======================================================================
h0 sweep (chunk 19):   0%|          | 0/1 [00:00<?, ?it/s]  h0=1.200: best trial=1, ESS check=15263
h0 sweep (chunk 19): 100%|██████████| 1/1 [13:25<00:00, 805.19s/it]h0 sweep (chunk 19): 100%|██████████| 1/1 [13:25<00:00, 805.19s/it]

Donnees sauvegardees: /users/eleves-b/2024/nathan.dupuy/NeuralNetworkQuantumStates-3/Foundational/logs/Trains_autour_transi_1D/L=24/is_data_1D_L24_chunk19.npz
Echantillons sauvegardes: /users/eleves-b/2024/nathan.dupuy/NeuralNetworkQuantumStates-3/Foundational/logs/Trains_autour_transi_1D/L=24/is_samples_1D_L24_chunk19.npz

======================================================================
Temps total: 805.2s
ESS moyen: 13609 / 16384
ESS min:   747
======================================================================
  sigma=0.00 : ESS moyen=16384, min=16384
  sigma=0.05 : ESS moyen=16272, min=15923
  sigma=0.10 : ESS moyen=15922, min=15391
  sigma=0.15 : ESS moyen=15152, min=11044
  sigma=0.20 : ESS moyen=14553, min=12673
  sigma=0.30 : ESS moyen=12349, min=5007
  sigma=0.50 : ESS moyen=7373, min=747
