/users/eleves-b/2024/nathan.dupuy/NeuralNetworkQuantumStates-3/netket_pro/experiments/netket_foundational/_src/vqs/state.py:335: FutureWarning: Call to deprecated function 'check_chunk_size' (This function has been removed. People should be free to use the chunk size they prefer.)
  check_chunk_size(n_samples, self.chunk_size)
dim=1D, L=48, nb_spins=48, burn_in=300
RUN_DIR: /users/eleves-b/2024/nathan.dupuy/NeuralNetworkQuantumStates-3/Foundational/logs/Trains_autour_transi_1D/L=48
Checkpoint: /users/eleves-b/2024/nathan.dupuy/NeuralNetworkQuantumStates-3/Foundational/logs/Trains_autour_transi_1D/L=48/state_490.nk
Poids charges.

Chunk 13/20: h0 indices 13-13 (1 points)

======================================================================
IMPORTANCE SAMPLING 1D (L=48, 48 spins) -- Best of 3 MCMC trials
IS config: 16384 samples, 256 chaines, 300 burn-in
1 h0 (chunk 13/20) x 7 sigma x 80 disorder configs
======================================================================
h0 sweep (chunk 13):   0%|          | 0/1 [00:00<?, ?it/s]  h0=1.074: best trial=0, ESS check=11910
h0 sweep (chunk 13): 100%|██████████| 1/1 [27:28<00:00, 1648.71s/it]h0 sweep (chunk 13): 100%|██████████| 1/1 [27:28<00:00, 1648.71s/it]

Donnees sauvegardees: /users/eleves-b/2024/nathan.dupuy/NeuralNetworkQuantumStates-3/Foundational/logs/Trains_autour_transi_1D/L=48/is_data_1D_L48_chunk13.npz
Echantillons sauvegardes: /users/eleves-b/2024/nathan.dupuy/NeuralNetworkQuantumStates-3/Foundational/logs/Trains_autour_transi_1D/L=48/is_samples_1D_L48_chunk13.npz

======================================================================
Temps total: 1648.7s
ESS moyen: 9656 / 16384
ESS min:   436
======================================================================
  sigma=0.00 : ESS moyen=16384, min=16384
  sigma=0.05 : ESS moyen=15802, min=14896
  sigma=0.10 : ESS moyen=14043, min=11367
  sigma=0.15 : ESS moyen=11815, min=7409
  sigma=0.20 : ESS moyen=9563, min=6105
  sigma=0.30 : ESS moyen=5117, min=2095
  sigma=0.50 : ESS moyen=1512, min=436
