/users/eleves-b/2024/nathan.dupuy/NeuralNetworkQuantumStates-3/netket_pro/experiments/netket_foundational/_src/vqs/state.py:335: FutureWarning: Call to deprecated function 'check_chunk_size' (This function has been removed. People should be free to use the chunk size they prefer.)
  check_chunk_size(n_samples, self.chunk_size)
dim=2D, L=6, nb_spins=36, burn_in=300
RUN_DIR: /users/eleves-b/2024/nathan.dupuy/NeuralNetworkQuantumStates-3/Foundational/logs/Trains_autour_transi_2D/L=6
Checkpoint: /users/eleves-b/2024/nathan.dupuy/NeuralNetworkQuantumStates-3/Foundational/logs/Trains_autour_transi_2D/L=6/state_590.nk
Poids charges.

Chunk 2/5: h0 indices 10-14 (5 points)

======================================================================
IMPORTANCE SAMPLING 2D (L=6, 36 spins) -- Best of 3 MCMC trials
IS config: 8192 samples, 256 chaines, 300 burn-in
5 h0 (chunk 2/5) x 7 sigma x 80 disorder configs
======================================================================
h0 sweep (chunk 2):   0%|          | 0/5 [00:00<?, ?it/s]  h0=3.008: best trial=1, ESS check=8091
h0 sweep (chunk 2):  20%|██        | 1/5 [03:22<13:31, 202.92s/it]  h0=3.029: best trial=0, ESS check=8098
h0 sweep (chunk 2):  40%|████      | 2/5 [06:45<10:08, 202.83s/it]  h0=3.050: best trial=0, ESS check=8105
h0 sweep (chunk 2):  60%|██████    | 3/5 [10:08<06:45, 202.79s/it]  h0=3.071: best trial=1, ESS check=8110
h0 sweep (chunk 2):  80%|████████  | 4/5 [13:31<03:22, 202.78s/it]  h0=3.092: best trial=0, ESS check=8114
h0 sweep (chunk 2): 100%|██████████| 5/5 [16:53<00:00, 202.78s/it]h0 sweep (chunk 2): 100%|██████████| 5/5 [16:53<00:00, 202.80s/it]

Donnees sauvegardees: /users/eleves-b/2024/nathan.dupuy/NeuralNetworkQuantumStates-3/Foundational/logs/Trains_autour_transi_2D/L=6/is_data_2D_L6_chunk2.npz
Echantillons sauvegardes: /users/eleves-b/2024/nathan.dupuy/NeuralNetworkQuantumStates-3/Foundational/logs/Trains_autour_transi_2D/L=6/is_samples_2D_L6_chunk2.npz

======================================================================
Temps total: 1014.0s
ESS moyen: 7911 / 8192
ESS min:   3473
======================================================================
  sigma=0.00 : ESS moyen=8192, min=8192
  sigma=0.05 : ESS moyen=8182, min=8151
  sigma=0.10 : ESS moyen=8151, min=8091
  sigma=0.15 : ESS moyen=8088, min=7751
  sigma=0.20 : ESS moyen=8038, min=7598
  sigma=0.30 : ESS moyen=7812, min=6900
  sigma=0.50 : ESS moyen=7190, min=3473
