/users/eleves-b/2024/nathan.dupuy/NeuralNetworkQuantumStates-3/netket_pro/experiments/netket_foundational/_src/vqs/state.py:335: FutureWarning: Call to deprecated function 'check_chunk_size' (This function has been removed. People should be free to use the chunk size they prefer.)
  check_chunk_size(n_samples, self.chunk_size)
dim=2D, L=10, nb_spins=100, burn_in=300
RUN_DIR: /users/eleves-b/2024/nathan.dupuy/NeuralNetworkQuantumStates-3/Foundational/logs/Trains_autour_transi_2D/L=10
Checkpoint: /users/eleves-b/2024/nathan.dupuy/NeuralNetworkQuantumStates-3/Foundational/logs/Trains_autour_transi_2D/L=10/state_590.nk
Poids charges.

Chunk 3/5: h0 indices 15-19 (5 points)

======================================================================
IMPORTANCE SAMPLING 2D (L=10, 100 spins) -- Best of 3 MCMC trials
IS config: 8192 samples, 256 chaines, 300 burn-in
5 h0 (chunk 3/5) x 7 sigma x 80 disorder configs
======================================================================
h0 sweep (chunk 3):   0%|          | 0/5 [00:00<?, ?it/s]  h0=3.112: best trial=1, ESS check=7966
h0 sweep (chunk 3):  20%|██        | 1/5 [36:31<2:26:04, 2191.10s/it]  h0=3.133: best trial=1, ESS check=7987
h0 sweep (chunk 3):  40%|████      | 2/5 [1:13:01<1:49:31, 2190.46s/it]  h0=3.154: best trial=2, ESS check=8000
h0 sweep (chunk 3):  60%|██████    | 3/5 [1:49:31<1:13:00, 2190.25s/it]  h0=3.175: best trial=2, ESS check=8015
h0 sweep (chunk 3):  80%|████████  | 4/5 [2:26:01<36:30, 2190.14s/it]    h0=3.196: best trial=0, ESS check=8028
h0 sweep (chunk 3): 100%|██████████| 5/5 [3:03:35<00:00, 2213.30s/it]h0 sweep (chunk 3): 100%|██████████| 5/5 [3:03:35<00:00, 2203.09s/it]

Donnees sauvegardees: /users/eleves-b/2024/nathan.dupuy/NeuralNetworkQuantumStates-3/Foundational/logs/Trains_autour_transi_2D/L=10/is_data_2D_L10_chunk3.npz
Echantillons sauvegardes: /users/eleves-b/2024/nathan.dupuy/NeuralNetworkQuantumStates-3/Foundational/logs/Trains_autour_transi_2D/L=10/is_samples_2D_L10_chunk3.npz

======================================================================
Temps total: 11015.5s
ESS moyen: 7645 / 8192
ESS min:   2519
======================================================================
  sigma=0.00 : ESS moyen=8192, min=8192
  sigma=0.05 : ESS moyen=8176, min=8156
  sigma=0.10 : ESS moyen=8122, min=7995
  sigma=0.15 : ESS moyen=8037, min=7707
  sigma=0.20 : ESS moyen=7931, min=7377
  sigma=0.30 : ESS moyen=7532, min=6742
  sigma=0.50 : ESS moyen=6065, min=2519
