/users/eleves-b/2024/nathan.dupuy/NeuralNetworkQuantumStates-3/netket_pro/experiments/netket_foundational/_src/vqs/state.py:335: FutureWarning: Call to deprecated function 'check_chunk_size' (This function has been removed. People should be free to use the chunk size they prefer.)
  check_chunk_size(n_samples, self.chunk_size)
dim=2D, L=6, nb_spins=36, burn_in=300
RUN_DIR: /users/eleves-b/2024/nathan.dupuy/NeuralNetworkQuantumStates-3/Foundational/logs/Trains_autour_transi_2D/L=6
Checkpoint: /users/eleves-b/2024/nathan.dupuy/NeuralNetworkQuantumStates-3/Foundational/logs/Trains_autour_transi_2D/L=6/state_590.nk
Poids charges.

Chunk 1/5: h0 indices 5-9 (5 points)

======================================================================
IMPORTANCE SAMPLING 2D (L=6, 36 spins) -- Best of 3 MCMC trials
IS config: 8192 samples, 256 chaines, 300 burn-in
5 h0 (chunk 1/5) x 7 sigma x 80 disorder configs
======================================================================
h0 sweep (chunk 1):   0%|          | 0/5 [00:00<?, ?it/s]  h0=2.904: best trial=1, ESS check=8049
h0 sweep (chunk 1):  20%|██        | 1/5 [02:48<11:14, 168.63s/it]  h0=2.925: best trial=2, ESS check=8060
h0 sweep (chunk 1):  40%|████      | 2/5 [05:35<08:22, 167.40s/it]  h0=2.946: best trial=2, ESS check=8068
h0 sweep (chunk 1):  60%|██████    | 3/5 [08:21<05:33, 167.00s/it]  h0=2.967: best trial=0, ESS check=8076
h0 sweep (chunk 1):  80%|████████  | 4/5 [11:08<02:46, 166.83s/it]  h0=2.987: best trial=2, ESS check=8085
h0 sweep (chunk 1): 100%|██████████| 5/5 [13:54<00:00, 166.71s/it]h0 sweep (chunk 1): 100%|██████████| 5/5 [13:54<00:00, 166.95s/it]

Donnees sauvegardees: /users/eleves-b/2024/nathan.dupuy/NeuralNetworkQuantumStates-3/Foundational/logs/Trains_autour_transi_2D/L=6/is_data_2D_L6_chunk1.npz
Echantillons sauvegardes: /users/eleves-b/2024/nathan.dupuy/NeuralNetworkQuantumStates-3/Foundational/logs/Trains_autour_transi_2D/L=6/is_samples_2D_L6_chunk1.npz

======================================================================
Temps total: 834.8s
ESS moyen: 7807 / 8192
ESS min:   3087
======================================================================
  sigma=0.00 : ESS moyen=8192, min=8192
  sigma=0.05 : ESS moyen=8177, min=8128
  sigma=0.10 : ESS moyen=8132, min=8038
  sigma=0.15 : ESS moyen=8042, min=7583
  sigma=0.20 : ESS moyen=7973, min=7352
  sigma=0.30 : ESS moyen=7659, min=6529
  sigma=0.50 : ESS moyen=6850, min=3087
