/users/eleves-b/2024/nathan.dupuy/NeuralNetworkQuantumStates-3/netket_pro/experiments/netket_foundational/_src/vqs/state.py:335: FutureWarning: Call to deprecated function 'check_chunk_size' (This function has been removed. People should be free to use the chunk size they prefer.)
  check_chunk_size(n_samples, self.chunk_size)
dim=2D, L=10, nb_spins=100, burn_in=300
RUN_DIR: /users/eleves-b/2024/nathan.dupuy/NeuralNetworkQuantumStates-3/Foundational/logs/Trains_autour_transi_2D/L=10
Checkpoint: /users/eleves-b/2024/nathan.dupuy/NeuralNetworkQuantumStates-3/Foundational/logs/Trains_autour_transi_2D/L=10/state_590.nk
Poids charges.

Chunk 4/5: h0 indices 20-24 (5 points)

======================================================================
IMPORTANCE SAMPLING 2D (L=10, 100 spins) -- Best of 3 MCMC trials
IS config: 8192 samples, 256 chaines, 300 burn-in
5 h0 (chunk 4/5) x 7 sigma x 80 disorder configs
======================================================================
h0 sweep (chunk 4):   0%|          | 0/5 [00:00<?, ?it/s]  h0=3.217: best trial=0, ESS check=8041
h0 sweep (chunk 4):  20%|██        | 1/5 [36:54<2:27:39, 2214.89s/it]  h0=3.237: best trial=2, ESS check=8047
h0 sweep (chunk 4):  40%|████      | 2/5 [1:13:42<1:50:32, 2210.71s/it]  h0=3.258: best trial=2, ESS check=8056
h0 sweep (chunk 4):  60%|██████    | 3/5 [1:50:31<1:13:39, 2209.95s/it]  h0=3.279: best trial=1, ESS check=8062
h0 sweep (chunk 4):  80%|████████  | 4/5 [2:27:21<36:49, 2209.88s/it]    h0=3.300: best trial=0, ESS check=8068
h0 sweep (chunk 4): 100%|██████████| 5/5 [3:13:54<00:00, 2420.22s/it]h0 sweep (chunk 4): 100%|██████████| 5/5 [3:13:54<00:00, 2326.94s/it]

Donnees sauvegardees: /users/eleves-b/2024/nathan.dupuy/NeuralNetworkQuantumStates-3/Foundational/logs/Trains_autour_transi_2D/L=10/is_data_2D_L10_chunk4.npz
Echantillons sauvegardes: /users/eleves-b/2024/nathan.dupuy/NeuralNetworkQuantumStates-3/Foundational/logs/Trains_autour_transi_2D/L=10/is_samples_2D_L10_chunk4.npz

======================================================================
Temps total: 11634.7s
ESS moyen: 7783 / 8192
ESS min:   4475
======================================================================
  sigma=0.00 : ESS moyen=8192, min=8192
  sigma=0.05 : ESS moyen=8179, min=8170
  sigma=0.10 : ESS moyen=8138, min=8091
  sigma=0.15 : ESS moyen=8072, min=7952
  sigma=0.20 : ESS moyen=7989, min=7784
  sigma=0.30 : ESS moyen=7690, min=7284
  sigma=0.50 : ESS moyen=6623, min=4475
