/users/eleves-b/2024/nathan.dupuy/NeuralNetworkQuantumStates-3/netket_pro/experiments/netket_foundational/_src/vqs/state.py:335: FutureWarning: Call to deprecated function 'check_chunk_size' (This function has been removed. People should be free to use the chunk size they prefer.)
  check_chunk_size(n_samples, self.chunk_size)
dim=2D, L=4, nb_spins=16, burn_in=100
RUN_DIR: /users/eleves-b/2024/nathan.dupuy/NeuralNetworkQuantumStates-3/Foundational/logs/Trains_autour_transi_2D/L=4
Checkpoint: /users/eleves-b/2024/nathan.dupuy/NeuralNetworkQuantumStates-3/Foundational/logs/Trains_autour_transi_2D/L=4/state_590.nk
Poids charges.

Chunk 2/5: h0 indices 10-14 (5 points)

======================================================================
IMPORTANCE SAMPLING 2D (L=4, 16 spins) -- Best of 3 MCMC trials
IS config: 8192 samples, 256 chaines, 100 burn-in
5 h0 (chunk 2/5) x 7 sigma x 80 disorder configs
======================================================================
h0 sweep (chunk 2):   0%|          | 0/5 [00:00<?, ?it/s]  h0=3.008: best trial=0, ESS check=8143
h0 sweep (chunk 2):  20%|██        | 1/5 [00:32<02:08, 32.17s/it]  h0=3.029: best trial=0, ESS check=8145
h0 sweep (chunk 2):  40%|████      | 2/5 [01:00<01:29, 29.79s/it]  h0=3.050: best trial=1, ESS check=8148
h0 sweep (chunk 2):  60%|██████    | 3/5 [01:28<00:58, 29.16s/it]  h0=3.071: best trial=0, ESS check=8150
h0 sweep (chunk 2):  80%|████████  | 4/5 [01:57<00:28, 28.93s/it]  h0=3.092: best trial=0, ESS check=8152
h0 sweep (chunk 2): 100%|██████████| 5/5 [02:25<00:00, 28.83s/it]h0 sweep (chunk 2): 100%|██████████| 5/5 [02:25<00:00, 29.19s/it]

Donnees sauvegardees: /users/eleves-b/2024/nathan.dupuy/NeuralNetworkQuantumStates-3/Foundational/logs/Trains_autour_transi_2D/L=4/is_data_2D_L4_chunk2.npz
Echantillons sauvegardes: /users/eleves-b/2024/nathan.dupuy/NeuralNetworkQuantumStates-3/Foundational/logs/Trains_autour_transi_2D/L=4/is_samples_2D_L4_chunk2.npz

======================================================================
Temps total: 145.9s
ESS moyen: 8073 / 8192
ESS min:   5709
======================================================================
  sigma=0.00 : ESS moyen=8192, min=8192
  sigma=0.05 : ESS moyen=8188, min=8173
  sigma=0.10 : ESS moyen=8176, min=8134
  sigma=0.15 : ESS moyen=8150, min=8004
  sigma=0.20 : ESS moyen=8127, min=8012
  sigma=0.30 : ESS moyen=8041, min=7563
  sigma=0.50 : ESS moyen=7756, min=5709
