/users/eleves-b/2024/nathan.dupuy/NeuralNetworkQuantumStates-3/netket_pro/experiments/netket_foundational/_src/vqs/state.py:335: FutureWarning: Call to deprecated function 'check_chunk_size' (This function has been removed. People should be free to use the chunk size they prefer.)
  check_chunk_size(n_samples, self.chunk_size)
dim=2D, L=4, nb_spins=16, burn_in=100
RUN_DIR: /users/eleves-b/2024/nathan.dupuy/NeuralNetworkQuantumStates-3/Foundational/logs/Trains_autour_transi_2D/L=4
Checkpoint: /users/eleves-b/2024/nathan.dupuy/NeuralNetworkQuantumStates-3/Foundational/logs/Trains_autour_transi_2D/L=4/state_590.nk
Poids charges.

Chunk 3/5: h0 indices 15-19 (5 points)

======================================================================
IMPORTANCE SAMPLING 2D (L=4, 16 spins) -- Best of 3 MCMC trials
IS config: 8192 samples, 256 chaines, 100 burn-in
5 h0 (chunk 3/5) x 7 sigma x 80 disorder configs
======================================================================
h0 sweep (chunk 3):   0%|          | 0/5 [00:00<?, ?it/s]  h0=3.112: best trial=1, ESS check=8154
h0 sweep (chunk 3):  20%|██        | 1/5 [00:32<02:09, 32.45s/it]  h0=3.133: best trial=1, ESS check=8155
h0 sweep (chunk 3):  40%|████      | 2/5 [01:00<01:30, 30.03s/it]  h0=3.154: best trial=0, ESS check=8157
h0 sweep (chunk 3):  60%|██████    | 3/5 [01:29<00:58, 29.32s/it]  h0=3.175: best trial=1, ESS check=8159
h0 sweep (chunk 3):  80%|████████  | 4/5 [01:57<00:29, 29.06s/it]  h0=3.196: best trial=1, ESS check=8160
h0 sweep (chunk 3): 100%|██████████| 5/5 [02:26<00:00, 28.96s/it]h0 sweep (chunk 3): 100%|██████████| 5/5 [02:26<00:00, 29.34s/it]

Donnees sauvegardees: /users/eleves-b/2024/nathan.dupuy/NeuralNetworkQuantumStates-3/Foundational/logs/Trains_autour_transi_2D/L=4/is_data_2D_L4_chunk3.npz
Echantillons sauvegardes: /users/eleves-b/2024/nathan.dupuy/NeuralNetworkQuantumStates-3/Foundational/logs/Trains_autour_transi_2D/L=4/is_samples_2D_L4_chunk3.npz

======================================================================
Temps total: 146.7s
ESS moyen: 8097 / 8192
ESS min:   6035
======================================================================
  sigma=0.00 : ESS moyen=8192, min=8192
  sigma=0.05 : ESS moyen=8189, min=8178
  sigma=0.10 : ESS moyen=8179, min=8149
  sigma=0.15 : ESS moyen=8159, min=8051
  sigma=0.20 : ESS moyen=8141, min=8056
  sigma=0.30 : ESS moyen=8073, min=7696
  sigma=0.50 : ESS moyen=7841, min=6035
