/users/eleves-b/2024/nathan.dupuy/NeuralNetworkQuantumStates-3/netket_pro/experiments/netket_foundational/_src/vqs/state.py:335: FutureWarning: Call to deprecated function 'check_chunk_size' (This function has been removed. People should be free to use the chunk size they prefer.)
  check_chunk_size(n_samples, self.chunk_size)
dim=2D, L=8, nb_spins=64, burn_in=300
RUN_DIR: /users/eleves-b/2024/nathan.dupuy/NeuralNetworkQuantumStates-3/Foundational/logs/Trains_autour_transi_2D/L=8
Checkpoint: /users/eleves-b/2024/nathan.dupuy/NeuralNetworkQuantumStates-3/Foundational/logs/Trains_autour_transi_2D/L=8/state_590.nk
Poids charges.

Chunk 4/5: h0 indices 20-24 (5 points)

======================================================================
IMPORTANCE SAMPLING 2D (L=8, 64 spins) -- Best of 3 MCMC trials
IS config: 8192 samples, 256 chaines, 300 burn-in
5 h0 (chunk 4/5) x 7 sigma x 80 disorder configs
======================================================================
h0 sweep (chunk 4):   0%|          | 0/5 [00:00<?, ?it/s]  h0=3.217: best trial=1, ESS check=8096
h0 sweep (chunk 4):  20%|██        | 1/5 [14:53<59:34, 893.67s/it]  h0=3.237: best trial=1, ESS check=8100
h0 sweep (chunk 4):  40%|████      | 2/5 [29:15<43:45, 875.21s/it]  h0=3.258: best trial=2, ESS check=8106
h0 sweep (chunk 4):  60%|██████    | 3/5 [44:30<29:46, 893.25s/it]  h0=3.279: best trial=2, ESS check=8110
h0 sweep (chunk 4):  80%|████████  | 4/5 [1:00:35<15:21, 921.61s/it]  h0=3.300: best trial=2, ESS check=8115
h0 sweep (chunk 4): 100%|██████████| 5/5 [1:14:50<00:00, 897.35s/it]h0 sweep (chunk 4): 100%|██████████| 5/5 [1:14:50<00:00, 898.02s/it]

Donnees sauvegardees: /users/eleves-b/2024/nathan.dupuy/NeuralNetworkQuantumStates-3/Foundational/logs/Trains_autour_transi_2D/L=8/is_data_2D_L8_chunk4.npz
Echantillons sauvegardes: /users/eleves-b/2024/nathan.dupuy/NeuralNetworkQuantumStates-3/Foundational/logs/Trains_autour_transi_2D/L=8/is_samples_2D_L8_chunk4.npz

======================================================================
Temps total: 4490.1s
ESS moyen: 7945 / 8192
ESS min:   4599
======================================================================
  sigma=0.00 : ESS moyen=8192, min=8192
  sigma=0.05 : ESS moyen=8184, min=8176
  sigma=0.10 : ESS moyen=8156, min=8116
  sigma=0.15 : ESS moyen=8114, min=7999
  sigma=0.20 : ESS moyen=8059, min=7892
  sigma=0.30 : ESS moyen=7884, min=7549
  sigma=0.50 : ESS moyen=7272, min=4599
