/users/eleves-b/2024/nathan.dupuy/NeuralNetworkQuantumStates-3/netket_pro/experiments/netket_foundational/_src/vqs/state.py:335: FutureWarning: Call to deprecated function 'check_chunk_size' (This function has been removed. People should be free to use the chunk size they prefer.)
  check_chunk_size(n_samples, self.chunk_size)
dim=2D, L=3, nb_spins=9, burn_in=100
RUN_DIR: /users/eleves-b/2024/nathan.dupuy/NeuralNetworkQuantumStates-3/Foundational/logs/Trains_autour_transi_2D/L=3
Checkpoint: /users/eleves-b/2024/nathan.dupuy/NeuralNetworkQuantumStates-3/Foundational/logs/Trains_autour_transi_2D/L=3/state_590.nk
Poids charges.

Chunk 4/5: h0 indices 20-24 (5 points)

======================================================================
IMPORTANCE SAMPLING 2D (L=3, 9 spins) -- Best of 3 MCMC trials
IS config: 8192 samples, 256 chaines, 100 burn-in
5 h0 (chunk 4/5) x 7 sigma x 80 disorder configs
======================================================================
h0 sweep (chunk 4):   0%|          | 0/5 [00:00<?, ?it/s]  h0=3.217: best trial=1, ESS check=8179
h0 sweep (chunk 4):  20%|██        | 1/5 [00:59<03:58, 59.75s/it]  h0=3.237: best trial=2, ESS check=8180
h0 sweep (chunk 4):  40%|████      | 2/5 [01:56<02:53, 57.97s/it]  h0=3.258: best trial=0, ESS check=8180
h0 sweep (chunk 4):  60%|██████    | 3/5 [02:53<01:55, 57.68s/it]  h0=3.279: best trial=0, ESS check=8181
h0 sweep (chunk 4):  80%|████████  | 4/5 [03:51<00:57, 57.68s/it]  h0=3.300: best trial=1, ESS check=8181
h0 sweep (chunk 4): 100%|██████████| 5/5 [04:49<00:00, 57.67s/it]h0 sweep (chunk 4): 100%|██████████| 5/5 [04:49<00:00, 57.83s/it]

Donnees sauvegardees: /users/eleves-b/2024/nathan.dupuy/NeuralNetworkQuantumStates-3/Foundational/logs/Trains_autour_transi_2D/L=3/is_data_2D_L3_chunk4.npz
Echantillons sauvegardes: /users/eleves-b/2024/nathan.dupuy/NeuralNetworkQuantumStates-3/Foundational/logs/Trains_autour_transi_2D/L=3/is_samples_2D_L3_chunk4.npz

======================================================================
Temps total: 289.2s
ESS moyen: 8143 / 8192
ESS min:   7285
======================================================================
  sigma=0.00 : ESS moyen=8192, min=8192
  sigma=0.05 : ESS moyen=8190, min=8186
  sigma=0.10 : ESS moyen=8186, min=8175
  sigma=0.15 : ESS moyen=8176, min=8141
  sigma=0.20 : ESS moyen=8167, min=8109
  sigma=0.30 : ESS moyen=8131, min=7833
  sigma=0.50 : ESS moyen=8008, min=7285
