/users/eleves-b/2024/nathan.dupuy/NeuralNetworkQuantumStates-3/netket_pro/experiments/netket_foundational/_src/vqs/state.py:335: FutureWarning: Call to deprecated function 'check_chunk_size' (This function has been removed. People should be free to use the chunk size they prefer.)
  check_chunk_size(n_samples, self.chunk_size)
dim=2D, L=8, nb_spins=64, burn_in=300
RUN_DIR: /users/eleves-b/2024/nathan.dupuy/NeuralNetworkQuantumStates-3/Foundational/logs/Trains_autour_transi_2D/L=8
Checkpoint: /users/eleves-b/2024/nathan.dupuy/NeuralNetworkQuantumStates-3/Foundational/logs/Trains_autour_transi_2D/L=8/state_590.nk
Poids charges.

Chunk 1/5: h0 indices 5-9 (5 points)

======================================================================
IMPORTANCE SAMPLING 2D (L=8, 64 spins) -- Best of 3 MCMC trials
IS config: 8192 samples, 256 chaines, 300 burn-in
5 h0 (chunk 1/5) x 7 sigma x 80 disorder configs
======================================================================
h0 sweep (chunk 1):   0%|          | 0/5 [00:00<?, ?it/s]  h0=2.904: best trial=2, ESS check=7859
h0 sweep (chunk 1):  20%|██        | 1/5 [16:42<1:06:50, 1002.75s/it]  h0=2.925: best trial=1, ESS check=7884
h0 sweep (chunk 1):  40%|████      | 2/5 [33:23<50:05, 1001.82s/it]    h0=2.946: best trial=0, ESS check=7915
h0 sweep (chunk 1):  60%|██████    | 3/5 [50:06<33:24, 1002.36s/it]  h0=2.967: best trial=1, ESS check=7934
h0 sweep (chunk 1):  80%|████████  | 4/5 [1:06:50<16:42, 1002.98s/it]  h0=2.987: best trial=1, ESS check=7963
h0 sweep (chunk 1): 100%|██████████| 5/5 [1:23:34<00:00, 1003.40s/it]h0 sweep (chunk 1): 100%|██████████| 5/5 [1:23:34<00:00, 1003.00s/it]

Donnees sauvegardees: /users/eleves-b/2024/nathan.dupuy/NeuralNetworkQuantumStates-3/Foundational/logs/Trains_autour_transi_2D/L=8/is_data_2D_L8_chunk1.npz
Echantillons sauvegardes: /users/eleves-b/2024/nathan.dupuy/NeuralNetworkQuantumStates-3/Foundational/logs/Trains_autour_transi_2D/L=8/is_samples_2D_L8_chunk1.npz

======================================================================
Temps total: 5015.0s
ESS moyen: 7518 / 8192
ESS min:   1921
======================================================================
  sigma=0.00 : ESS moyen=8192, min=8192
  sigma=0.05 : ESS moyen=8167, min=8119
  sigma=0.10 : ESS moyen=8072, min=7828
  sigma=0.15 : ESS moyen=7943, min=7335
  sigma=0.20 : ESS moyen=7773, min=6932
  sigma=0.30 : ESS moyen=7293, min=5717
  sigma=0.50 : ESS moyen=5855, min=1921
