/users/eleves-b/2024/nathan.dupuy/NeuralNetworkQuantumStates-3/netket_pro/experiments/netket_foundational/_src/vqs/state.py:335: FutureWarning: Call to deprecated function 'check_chunk_size' (This function has been removed. People should be free to use the chunk size they prefer.)
  check_chunk_size(n_samples, self.chunk_size)
dim=2D, L=3, nb_spins=9, burn_in=100
RUN_DIR: /users/eleves-b/2024/nathan.dupuy/NeuralNetworkQuantumStates-3/Foundational/logs/Trains_autour_transi_2D/L=3
Checkpoint: /users/eleves-b/2024/nathan.dupuy/NeuralNetworkQuantumStates-3/Foundational/logs/Trains_autour_transi_2D/L=3/state_590.nk
Poids charges.

Chunk 1/5: h0 indices 5-9 (5 points)

======================================================================
IMPORTANCE SAMPLING 2D (L=3, 9 spins) -- Best of 3 MCMC trials
IS config: 8192 samples, 256 chaines, 100 burn-in
5 h0 (chunk 1/5) x 7 sigma x 80 disorder configs
======================================================================
h0 sweep (chunk 1):   0%|          | 0/5 [00:00<?, ?it/s]  h0=2.904: best trial=0, ESS check=8170
h0 sweep (chunk 1):  20%|██        | 1/5 [01:10<04:41, 70.27s/it]  h0=2.925: best trial=0, ESS check=8171
h0 sweep (chunk 1):  40%|████      | 2/5 [03:10<04:58, 99.50s/it]  h0=2.946: best trial=1, ESS check=8171
h0 sweep (chunk 1):  60%|██████    | 3/5 [05:22<03:48, 114.31s/it]  h0=2.967: best trial=2, ESS check=8172
h0 sweep (chunk 1):  80%|████████  | 4/5 [07:24<01:57, 117.30s/it]  h0=2.987: best trial=0, ESS check=8173
h0 sweep (chunk 1): 100%|██████████| 5/5 [09:20<00:00, 117.15s/it]h0 sweep (chunk 1): 100%|██████████| 5/5 [09:20<00:00, 112.18s/it]

Donnees sauvegardees: /users/eleves-b/2024/nathan.dupuy/NeuralNetworkQuantumStates-3/Foundational/logs/Trains_autour_transi_2D/L=3/is_data_2D_L3_chunk1.npz
Echantillons sauvegardes: /users/eleves-b/2024/nathan.dupuy/NeuralNetworkQuantumStates-3/Foundational/logs/Trains_autour_transi_2D/L=3/is_samples_2D_L3_chunk1.npz

======================================================================
Temps total: 560.9s
ESS moyen: 8111 / 8192
ESS min:   6809
======================================================================
  sigma=0.00 : ESS moyen=8192, min=8192
  sigma=0.05 : ESS moyen=8189, min=8180
  sigma=0.10 : ESS moyen=8181, min=8161
  sigma=0.15 : ESS moyen=8165, min=8102
  sigma=0.20 : ESS moyen=8149, min=8045
  sigma=0.30 : ESS moyen=8089, min=7613
  sigma=0.50 : ESS moyen=7892, min=6809
