/users/eleves-b/2024/nathan.dupuy/NeuralNetworkQuantumStates-3/netket_pro/experiments/netket_foundational/_src/vqs/state.py:335: FutureWarning: Call to deprecated function 'check_chunk_size' (This function has been removed. People should be free to use the chunk size they prefer.)
  check_chunk_size(n_samples, self.chunk_size)
dim=2D, L=10, nb_spins=100, burn_in=300
RUN_DIR: /users/eleves-b/2024/nathan.dupuy/NeuralNetworkQuantumStates-3/Foundational/logs/Trains_autour_transi_2D/L=10
Checkpoint: /users/eleves-b/2024/nathan.dupuy/NeuralNetworkQuantumStates-3/Foundational/logs/Trains_autour_transi_2D/L=10/state_590.nk
Poids charges.

Chunk 1/5: h0 indices 5-9 (5 points)

======================================================================
IMPORTANCE SAMPLING 2D (L=10, 100 spins) -- Best of 3 MCMC trials
IS config: 8192 samples, 256 chaines, 300 burn-in
5 h0 (chunk 1/5) x 7 sigma x 80 disorder configs
======================================================================
h0 sweep (chunk 1):   0%|          | 0/5 [00:00<?, ?it/s]  h0=2.904: best trial=0, ESS check=7654
h0 sweep (chunk 1):  20%|██        | 1/5 [20:13<1:20:52, 1213.19s/it]  h0=2.925: best trial=0, ESS check=7672
h0 sweep (chunk 1):  40%|████      | 2/5 [40:24<1:00:36, 1212.16s/it]  h0=2.946: best trial=1, ESS check=7690
h0 sweep (chunk 1):  60%|██████    | 3/5 [1:00:36<40:24, 1212.03s/it]  h0=2.967: best trial=0, ESS check=7718
h0 sweep (chunk 1):  80%|████████  | 4/5 [1:20:48<20:11, 1211.91s/it]  h0=2.987: best trial=2, ESS check=7753
h0 sweep (chunk 1): 100%|██████████| 5/5 [1:41:00<00:00, 1212.03s/it]h0 sweep (chunk 1): 100%|██████████| 5/5 [1:41:00<00:00, 1212.10s/it]

Donnees sauvegardees: /users/eleves-b/2024/nathan.dupuy/NeuralNetworkQuantumStates-3/Foundational/logs/Trains_autour_transi_2D/L=10/is_data_2D_L10_chunk1.npz
Echantillons sauvegardes: /users/eleves-b/2024/nathan.dupuy/NeuralNetworkQuantumStates-3/Foundational/logs/Trains_autour_transi_2D/L=10/is_samples_2D_L10_chunk1.npz

======================================================================
Temps total: 6060.5s
ESS moyen: 7146 / 8192
ESS min:   1495
======================================================================
  sigma=0.00 : ESS moyen=8192, min=8192
  sigma=0.05 : ESS moyen=8152, min=8067
  sigma=0.10 : ESS moyen=8014, min=7456
  sigma=0.15 : ESS moyen=7825, min=6631
  sigma=0.20 : ESS moyen=7611, min=5876
  sigma=0.30 : ESS moyen=6742, min=4921
  sigma=0.50 : ESS moyen=4521, min=1495
