/users/eleves-b/2024/nathan.dupuy/NeuralNetworkQuantumStates-3/netket_pro/experiments/netket_foundational/_src/vqs/state.py:335: FutureWarning: Call to deprecated function 'check_chunk_size' (This function has been removed. People should be free to use the chunk size they prefer.)
  check_chunk_size(n_samples, self.chunk_size)
dim=2D, L=3, nb_spins=9, burn_in=100
RUN_DIR: /users/eleves-b/2024/nathan.dupuy/NeuralNetworkQuantumStates-3/Foundational/logs/Trains_autour_transi_2D/L=3
Checkpoint: /users/eleves-b/2024/nathan.dupuy/NeuralNetworkQuantumStates-3/Foundational/logs/Trains_autour_transi_2D/L=3/state_590.nk
Poids charges.

Chunk 2/5: h0 indices 10-14 (5 points)

======================================================================
IMPORTANCE SAMPLING 2D (L=3, 9 spins) -- Best of 3 MCMC trials
IS config: 8192 samples, 256 chaines, 100 burn-in
5 h0 (chunk 2/5) x 7 sigma x 80 disorder configs
======================================================================
h0 sweep (chunk 2):   0%|          | 0/5 [00:00<?, ?it/s]  h0=3.008: best trial=0, ESS check=8174
h0 sweep (chunk 2):  20%|██        | 1/5 [00:59<03:57, 59.36s/it]  h0=3.029: best trial=2, ESS check=8174
h0 sweep (chunk 2):  40%|████      | 2/5 [01:55<02:52, 57.63s/it]  h0=3.050: best trial=2, ESS check=8175
h0 sweep (chunk 2):  60%|██████    | 3/5 [02:52<01:54, 57.40s/it]  h0=3.071: best trial=2, ESS check=8176
h0 sweep (chunk 2):  80%|████████  | 4/5 [03:50<00:57, 57.32s/it]  h0=3.092: best trial=0, ESS check=8176
h0 sweep (chunk 2): 100%|██████████| 5/5 [04:47<00:00, 57.31s/it]h0 sweep (chunk 2): 100%|██████████| 5/5 [04:47<00:00, 57.48s/it]

Donnees sauvegardees: /users/eleves-b/2024/nathan.dupuy/NeuralNetworkQuantumStates-3/Foundational/logs/Trains_autour_transi_2D/L=3/is_data_2D_L3_chunk2.npz
Echantillons sauvegardes: /users/eleves-b/2024/nathan.dupuy/NeuralNetworkQuantumStates-3/Foundational/logs/Trains_autour_transi_2D/L=3/is_samples_2D_L3_chunk2.npz

======================================================================
Temps total: 287.4s
ESS moyen: 8123 / 8192
ESS min:   6985
======================================================================
  sigma=0.00 : ESS moyen=8192, min=8192
  sigma=0.05 : ESS moyen=8190, min=8182
  sigma=0.10 : ESS moyen=8183, min=8167
  sigma=0.15 : ESS moyen=8169, min=8118
  sigma=0.20 : ESS moyen=8156, min=8068
  sigma=0.30 : ESS moyen=8105, min=7696
  sigma=0.50 : ESS moyen=7936, min=6985
