/users/eleves-b/2024/nathan.dupuy/NeuralNetworkQuantumStates-3/netket_pro/experiments/netket_foundational/_src/vqs/state.py:335: FutureWarning: Call to deprecated function 'check_chunk_size' (This function has been removed. People should be free to use the chunk size they prefer.)
  check_chunk_size(n_samples, self.chunk_size)
dim=2D, L=5, nb_spins=25, burn_in=100
RUN_DIR: /users/eleves-b/2024/nathan.dupuy/NeuralNetworkQuantumStates-3/Foundational/logs/Trains_autour_transi_2D/L=5
Checkpoint: /users/eleves-b/2024/nathan.dupuy/NeuralNetworkQuantumStates-3/Foundational/logs/Trains_autour_transi_2D/L=5/state_590.nk
Poids charges.

Chunk 1/5: h0 indices 5-9 (5 points)

======================================================================
IMPORTANCE SAMPLING 2D (L=5, 25 spins) -- Best of 3 MCMC trials
IS config: 8192 samples, 256 chaines, 100 burn-in
5 h0 (chunk 1/5) x 7 sigma x 80 disorder configs
======================================================================
h0 sweep (chunk 1):   0%|          | 0/5 [00:00<?, ?it/s]  h0=2.904: best trial=1, ESS check=8097
h0 sweep (chunk 1):  20%|██        | 1/5 [03:43<14:55, 223.82s/it]  h0=2.925: best trial=1, ESS check=8101
h0 sweep (chunk 1):  40%|████      | 2/5 [07:26<11:08, 222.89s/it]  h0=2.946: best trial=2, ESS check=8106
h0 sweep (chunk 1):  60%|██████    | 3/5 [11:08<07:25, 222.59s/it]  h0=2.967: best trial=1, ESS check=8111
h0 sweep (chunk 1):  80%|████████  | 4/5 [14:50<03:42, 222.45s/it]  h0=2.987: best trial=2, ESS check=8116
h0 sweep (chunk 1): 100%|██████████| 5/5 [18:32<00:00, 222.37s/it]h0 sweep (chunk 1): 100%|██████████| 5/5 [18:32<00:00, 222.55s/it]

Donnees sauvegardees: /users/eleves-b/2024/nathan.dupuy/NeuralNetworkQuantumStates-3/Foundational/logs/Trains_autour_transi_2D/L=5/is_data_2D_L5_chunk1.npz
Echantillons sauvegardes: /users/eleves-b/2024/nathan.dupuy/NeuralNetworkQuantumStates-3/Foundational/logs/Trains_autour_transi_2D/L=5/is_samples_2D_L5_chunk1.npz

======================================================================
Temps total: 1112.8s
ESS moyen: 7912 / 8192
ESS min:   4970
======================================================================
  sigma=0.00 : ESS moyen=8192, min=8192
  sigma=0.05 : ESS moyen=8183, min=8162
  sigma=0.10 : ESS moyen=8152, min=8032
  sigma=0.15 : ESS moyen=8098, min=7803
  sigma=0.20 : ESS moyen=8041, min=7680
  sigma=0.30 : ESS moyen=7850, min=6622
  sigma=0.50 : ESS moyen=7145, min=4970
