/users/eleves-b/2024/nathan.dupuy/NeuralNetworkQuantumStates-3/netket_pro/experiments/netket_foundational/_src/vqs/state.py:335: FutureWarning: Call to deprecated function 'check_chunk_size' (This function has been removed. People should be free to use the chunk size they prefer.)
  check_chunk_size(n_samples, self.chunk_size)
dim=2D, L=4, nb_spins=16, burn_in=100
RUN_DIR: /users/eleves-b/2024/nathan.dupuy/NeuralNetworkQuantumStates-3/Foundational/logs/Trains_autour_transi_2D/L=4
Checkpoint: /users/eleves-b/2024/nathan.dupuy/NeuralNetworkQuantumStates-3/Foundational/logs/Trains_autour_transi_2D/L=4/state_590.nk
Poids charges.

Chunk 1/5: h0 indices 5-9 (5 points)

======================================================================
IMPORTANCE SAMPLING 2D (L=4, 16 spins) -- Best of 3 MCMC trials
IS config: 8192 samples, 256 chaines, 100 burn-in
5 h0 (chunk 1/5) x 7 sigma x 80 disorder configs
======================================================================
h0 sweep (chunk 1):   0%|          | 0/5 [00:00<?, ?it/s]  h0=2.904: best trial=1, ESS check=8129
h0 sweep (chunk 1):  20%|██        | 1/5 [00:32<02:08, 32.19s/it]  h0=2.925: best trial=0, ESS check=8133
h0 sweep (chunk 1):  40%|████      | 2/5 [01:00<01:30, 30.02s/it]  h0=2.946: best trial=0, ESS check=8135
h0 sweep (chunk 1):  60%|██████    | 3/5 [01:29<00:58, 29.36s/it]  h0=2.967: best trial=2, ESS check=8138
h0 sweep (chunk 1):  80%|████████  | 4/5 [01:58<00:29, 29.14s/it]  h0=2.987: best trial=2, ESS check=8141
h0 sweep (chunk 1): 100%|██████████| 5/5 [02:26<00:00, 29.05s/it]h0 sweep (chunk 1): 100%|██████████| 5/5 [02:26<00:00, 29.39s/it]

Donnees sauvegardees: /users/eleves-b/2024/nathan.dupuy/NeuralNetworkQuantumStates-3/Foundational/logs/Trains_autour_transi_2D/L=4/is_data_2D_L4_chunk1.npz
Echantillons sauvegardes: /users/eleves-b/2024/nathan.dupuy/NeuralNetworkQuantumStates-3/Foundational/logs/Trains_autour_transi_2D/L=4/is_samples_2D_L4_chunk1.npz

======================================================================
Temps total: 147.0s
ESS moyen: 8045 / 8192
ESS min:   5462
======================================================================
  sigma=0.00 : ESS moyen=8192, min=8192
  sigma=0.05 : ESS moyen=8187, min=8168
  sigma=0.10 : ESS moyen=8171, min=8118
  sigma=0.15 : ESS moyen=8139, min=7959
  sigma=0.20 : ESS moyen=8110, min=7954
  sigma=0.30 : ESS moyen=8003, min=7434
  sigma=0.50 : ESS moyen=7658, min=5462
