/users/eleves-b/2024/nathan.dupuy/NeuralNetworkQuantumStates-3/netket_pro/experiments/netket_foundational/_src/vqs/state.py:335: FutureWarning: Call to deprecated function 'check_chunk_size' (This function has been removed. People should be free to use the chunk size they prefer.)
  check_chunk_size(n_samples, self.chunk_size)
dim=2D, L=8, nb_spins=64, burn_in=300
RUN_DIR: /users/eleves-b/2024/nathan.dupuy/NeuralNetworkQuantumStates-3/Foundational/logs/Trains_autour_transi_2D/L=8
Checkpoint: /users/eleves-b/2024/nathan.dupuy/NeuralNetworkQuantumStates-3/Foundational/logs/Trains_autour_transi_2D/L=8/state_590.nk
Poids charges.

Chunk 0/5: h0 indices 0-4 (5 points)

======================================================================
IMPORTANCE SAMPLING 2D (L=8, 64 spins) -- Best of 3 MCMC trials
IS config: 8192 samples, 256 chaines, 300 burn-in
5 h0 (chunk 0/5) x 7 sigma x 80 disorder configs
======================================================================
h0 sweep (chunk 0):   0%|          | 0/5 [00:00<?, ?it/s]  h0=2.800: best trial=0, ESS check=7738
h0 sweep (chunk 0):  20%|██        | 1/5 [08:54<35:39, 534.92s/it]  h0=2.821: best trial=0, ESS check=7758
h0 sweep (chunk 0):  40%|████      | 2/5 [17:48<26:42, 534.11s/it]  h0=2.842: best trial=1, ESS check=7784
h0 sweep (chunk 0):  60%|██████    | 3/5 [26:42<17:47, 533.87s/it]  h0=2.862: best trial=2, ESS check=7803
h0 sweep (chunk 0):  80%|████████  | 4/5 [35:35<08:53, 533.84s/it]  h0=2.883: best trial=2, ESS check=7829
h0 sweep (chunk 0): 100%|██████████| 5/5 [44:29<00:00, 533.78s/it]h0 sweep (chunk 0): 100%|██████████| 5/5 [44:29<00:00, 533.91s/it]

Donnees sauvegardees: /users/eleves-b/2024/nathan.dupuy/NeuralNetworkQuantumStates-3/Foundational/logs/Trains_autour_transi_2D/L=8/is_data_2D_L8_chunk0.npz
Echantillons sauvegardes: /users/eleves-b/2024/nathan.dupuy/NeuralNetworkQuantumStates-3/Foundational/logs/Trains_autour_transi_2D/L=8/is_samples_2D_L8_chunk0.npz

======================================================================
Temps total: 2669.5s
ESS moyen: 7287 / 8192
ESS min:   2065
======================================================================
  sigma=0.00 : ESS moyen=8192, min=8192
  sigma=0.05 : ESS moyen=8154, min=8099
  sigma=0.10 : ESS moyen=8013, min=7626
  sigma=0.15 : ESS moyen=7825, min=6686
  sigma=0.20 : ESS moyen=7581, min=6605
  sigma=0.30 : ESS moyen=6943, min=5633
  sigma=0.50 : ESS moyen=5195, min=2065
