/users/eleves-b/2024/nathan.dupuy/NeuralNetworkQuantumStates-3/netket_pro/experiments/netket_foundational/_src/vqs/state.py:335: FutureWarning: Call to deprecated function 'check_chunk_size' (This function has been removed. People should be free to use the chunk size they prefer.)
  check_chunk_size(n_samples, self.chunk_size)
dim=2D, L=4, nb_spins=16, burn_in=100
RUN_DIR: /users/eleves-b/2024/nathan.dupuy/NeuralNetworkQuantumStates-3/Foundational/logs/Trains_autour_transi_2D/L=4
Checkpoint: /users/eleves-b/2024/nathan.dupuy/NeuralNetworkQuantumStates-3/Foundational/logs/Trains_autour_transi_2D/L=4/state_590.nk
Poids charges.

Chunk 0/5: h0 indices 0-4 (5 points)

======================================================================
IMPORTANCE SAMPLING 2D (L=4, 16 spins) -- Best of 3 MCMC trials
IS config: 8192 samples, 256 chaines, 100 burn-in
5 h0 (chunk 0/5) x 7 sigma x 80 disorder configs
======================================================================
h0 sweep (chunk 0):   0%|          | 0/5 [00:00<?, ?it/s]  h0=2.800: best trial=1, ESS check=8115
h0 sweep (chunk 0):  20%|██        | 1/5 [00:32<02:11, 32.75s/it]  h0=2.821: best trial=2, ESS check=8118
h0 sweep (chunk 0):  40%|████      | 2/5 [01:01<01:30, 30.18s/it]  h0=2.842: best trial=0, ESS check=8122
h0 sweep (chunk 0):  60%|██████    | 3/5 [01:29<00:58, 29.43s/it]  h0=2.862: best trial=0, ESS check=8124
h0 sweep (chunk 0):  80%|████████  | 4/5 [01:58<00:29, 29.12s/it]  h0=2.883: best trial=0, ESS check=8128
h0 sweep (chunk 0): 100%|██████████| 5/5 [02:27<00:00, 29.00s/it]h0 sweep (chunk 0): 100%|██████████| 5/5 [02:27<00:00, 29.42s/it]

Donnees sauvegardees: /users/eleves-b/2024/nathan.dupuy/NeuralNetworkQuantumStates-3/Foundational/logs/Trains_autour_transi_2D/L=4/is_data_2D_L4_chunk0.npz
Echantillons sauvegardes: /users/eleves-b/2024/nathan.dupuy/NeuralNetworkQuantumStates-3/Foundational/logs/Trains_autour_transi_2D/L=4/is_samples_2D_L4_chunk0.npz

======================================================================
Temps total: 147.1s
ESS moyen: 8011 / 8192
ESS min:   5322
======================================================================
  sigma=0.00 : ESS moyen=8192, min=8192
  sigma=0.05 : ESS moyen=8185, min=8162
  sigma=0.10 : ESS moyen=8166, min=8097
  sigma=0.15 : ESS moyen=8125, min=7913
  sigma=0.20 : ESS moyen=8088, min=7883
  sigma=0.30 : ESS moyen=7956, min=7310
  sigma=0.50 : ESS moyen=7543, min=5322
