/users/eleves-b/2024/nathan.dupuy/NeuralNetworkQuantumStates-3/netket_pro/experiments/netket_foundational/_src/vqs/state.py:335: FutureWarning: Call to deprecated function 'check_chunk_size' (This function has been removed. People should be free to use the chunk size they prefer.)
  check_chunk_size(n_samples, self.chunk_size)
dim=2D, L=8, nb_spins=64, burn_in=300
RUN_DIR: /users/eleves-b/2024/nathan.dupuy/NeuralNetworkQuantumStates-3/Foundational/logs/Trains_autour_transi_2D/L=8
Checkpoint: /users/eleves-b/2024/nathan.dupuy/NeuralNetworkQuantumStates-3/Foundational/logs/Trains_autour_transi_2D/L=8/state_590.nk
Poids charges.

Chunk 3/5: h0 indices 15-19 (5 points)

======================================================================
IMPORTANCE SAMPLING 2D (L=8, 64 spins) -- Best of 3 MCMC trials
IS config: 8192 samples, 256 chaines, 300 burn-in
5 h0 (chunk 3/5) x 7 sigma x 80 disorder configs
======================================================================
h0 sweep (chunk 3):   0%|          | 0/5 [00:00<?, ?it/s]  h0=3.112: best trial=0, ESS check=8055
h0 sweep (chunk 3):  20%|██        | 1/5 [07:08<28:34, 428.51s/it]  h0=3.133: best trial=0, ESS check=8064
h0 sweep (chunk 3):  40%|████      | 2/5 [14:14<21:21, 427.31s/it]  h0=3.154: best trial=1, ESS check=8074
h0 sweep (chunk 3):  60%|██████    | 3/5 [21:21<14:13, 426.94s/it]  h0=3.175: best trial=1, ESS check=8081
h0 sweep (chunk 3):  80%|████████  | 4/5 [28:27<07:06, 426.77s/it]  h0=3.196: best trial=1, ESS check=8089
h0 sweep (chunk 3): 100%|██████████| 5/5 [35:34<00:00, 426.70s/it]h0 sweep (chunk 3): 100%|██████████| 5/5 [35:34<00:00, 426.91s/it]

Donnees sauvegardees: /users/eleves-b/2024/nathan.dupuy/NeuralNetworkQuantumStates-3/Foundational/logs/Trains_autour_transi_2D/L=8/is_data_2D_L8_chunk3.npz
Echantillons sauvegardes: /users/eleves-b/2024/nathan.dupuy/NeuralNetworkQuantumStates-3/Foundational/logs/Trains_autour_transi_2D/L=8/is_samples_2D_L8_chunk3.npz

======================================================================
Temps total: 2134.6s
ESS moyen: 7857 / 8192
ESS min:   3316
======================================================================
  sigma=0.00 : ESS moyen=8192, min=8192
  sigma=0.05 : ESS moyen=8181, min=8167
  sigma=0.10 : ESS moyen=8142, min=8070
  sigma=0.15 : ESS moyen=8085, min=7872
  sigma=0.20 : ESS moyen=8011, min=7739
  sigma=0.30 : ESS moyen=7773, min=7115
  sigma=0.50 : ESS moyen=6946, min=3316
