/users/eleves-b/2024/nathan.dupuy/NeuralNetworkQuantumStates-3/netket_pro/experiments/netket_foundational/_src/vqs/state.py:335: FutureWarning: Call to deprecated function 'check_chunk_size' (This function has been removed. People should be free to use the chunk size they prefer.)
  check_chunk_size(n_samples, self.chunk_size)
dim=2D, L=5, nb_spins=25, burn_in=100
RUN_DIR: /users/eleves-b/2024/nathan.dupuy/NeuralNetworkQuantumStates-3/Foundational/logs/Trains_autour_transi_2D/L=5
Checkpoint: /users/eleves-b/2024/nathan.dupuy/NeuralNetworkQuantumStates-3/Foundational/logs/Trains_autour_transi_2D/L=5/state_590.nk
Poids charges.

Chunk 0/5: h0 indices 0-4 (5 points)

======================================================================
IMPORTANCE SAMPLING 2D (L=5, 25 spins) -- Best of 3 MCMC trials
IS config: 8192 samples, 256 chaines, 100 burn-in
5 h0 (chunk 0/5) x 7 sigma x 80 disorder configs
======================================================================
h0 sweep (chunk 0):   0%|          | 0/5 [00:00<?, ?it/s]  h0=2.800: best trial=1, ESS check=8069
h0 sweep (chunk 0):  20%|██        | 1/5 [03:43<14:52, 223.04s/it]  h0=2.821: best trial=0, ESS check=8074
h0 sweep (chunk 0):  40%|████      | 2/5 [07:25<11:07, 222.55s/it]  h0=2.842: best trial=0, ESS check=8081
h0 sweep (chunk 0):  60%|██████    | 3/5 [11:07<07:24, 222.40s/it]  h0=2.862: best trial=0, ESS check=8084
h0 sweep (chunk 0):  80%|████████  | 4/5 [14:49<03:42, 222.33s/it]  h0=2.883: best trial=2, ESS check=8090
h0 sweep (chunk 0): 100%|██████████| 5/5 [18:31<00:00, 222.31s/it]h0 sweep (chunk 0): 100%|██████████| 5/5 [18:31<00:00, 222.40s/it]

Donnees sauvegardees: /users/eleves-b/2024/nathan.dupuy/NeuralNetworkQuantumStates-3/Foundational/logs/Trains_autour_transi_2D/L=5/is_data_2D_L5_chunk0.npz
Echantillons sauvegardes: /users/eleves-b/2024/nathan.dupuy/NeuralNetworkQuantumStates-3/Foundational/logs/Trains_autour_transi_2D/L=5/is_samples_2D_L5_chunk0.npz

======================================================================
Temps total: 1112.0s
ESS moyen: 7843 / 8192
ESS min:   4728
======================================================================
  sigma=0.00 : ESS moyen=8192, min=8192
  sigma=0.05 : ESS moyen=8180, min=8151
  sigma=0.10 : ESS moyen=8138, min=7971
  sigma=0.15 : ESS moyen=8069, min=7704
  sigma=0.20 : ESS moyen=7994, min=7559
  sigma=0.30 : ESS moyen=7755, min=6383
  sigma=0.50 : ESS moyen=6918, min=4728
