/users/eleves-b/2024/nathan.dupuy/NeuralNetworkQuantumStates-3/netket_pro/experiments/netket_foundational/_src/vqs/state.py:335: FutureWarning: Call to deprecated function 'check_chunk_size' (This function has been removed. People should be free to use the chunk size they prefer.)
  check_chunk_size(n_samples, self.chunk_size)
dim=2D, L=6, nb_spins=36, burn_in=300
RUN_DIR: /users/eleves-b/2024/nathan.dupuy/NeuralNetworkQuantumStates-3/Foundational/logs/Trains_autour_transi_2D/L=6
Checkpoint: /users/eleves-b/2024/nathan.dupuy/NeuralNetworkQuantumStates-3/Foundational/logs/Trains_autour_transi_2D/L=6/state_590.nk
Poids charges.

Chunk 3/5: h0 indices 15-19 (5 points)

======================================================================
IMPORTANCE SAMPLING 2D (L=6, 36 spins) -- Best of 3 MCMC trials
IS config: 8192 samples, 256 chaines, 300 burn-in
5 h0 (chunk 3/5) x 7 sigma x 80 disorder configs
======================================================================
h0 sweep (chunk 3):   0%|          | 0/5 [00:00<?, ?it/s]  h0=3.112: best trial=1, ESS check=8120
h0 sweep (chunk 3):  20%|██        | 1/5 [02:47<11:09, 167.49s/it]  h0=3.133: best trial=2, ESS check=8124
h0 sweep (chunk 3):  40%|████      | 2/5 [05:33<08:19, 166.38s/it]  h0=3.154: best trial=2, ESS check=8128
h0 sweep (chunk 3):  60%|██████    | 3/5 [08:18<05:32, 166.01s/it]  h0=3.175: best trial=2, ESS check=8132
h0 sweep (chunk 3):  80%|████████  | 4/5 [11:04<02:45, 165.83s/it]  h0=3.196: best trial=2, ESS check=8135
h0 sweep (chunk 3): 100%|██████████| 5/5 [13:49<00:00, 165.73s/it]h0 sweep (chunk 3): 100%|██████████| 5/5 [13:49<00:00, 165.95s/it]

Donnees sauvegardees: /users/eleves-b/2024/nathan.dupuy/NeuralNetworkQuantumStates-3/Foundational/logs/Trains_autour_transi_2D/L=6/is_data_2D_L6_chunk3.npz
Echantillons sauvegardes: /users/eleves-b/2024/nathan.dupuy/NeuralNetworkQuantumStates-3/Foundational/logs/Trains_autour_transi_2D/L=6/is_samples_2D_L6_chunk3.npz

======================================================================
Temps total: 829.8s
ESS moyen: 7987 / 8192
ESS min:   4007
======================================================================
  sigma=0.00 : ESS moyen=8192, min=8192
  sigma=0.05 : ESS moyen=8185, min=8166
  sigma=0.10 : ESS moyen=8163, min=8127
  sigma=0.15 : ESS moyen=8119, min=7905
  sigma=0.20 : ESS moyen=8082, min=7800
  sigma=0.30 : ESS moyen=7921, min=7245
  sigma=0.50 : ESS moyen=7448, min=4007
