/users/eleves-b/2024/nathan.dupuy/NeuralNetworkQuantumStates-3/netket_pro/experiments/netket_foundational/_src/vqs/state.py:335: FutureWarning: Call to deprecated function 'check_chunk_size' (This function has been removed. People should be free to use the chunk size they prefer.)
  check_chunk_size(n_samples, self.chunk_size)
L=48, patches=12, params ViT: {'num_layers': 4, 'd_model': 60, 'heads': 10, 'b': 4, 'L_eff': 12}
Forme des paramètres de désordre : (110, 48)
Configurations de désordre sauvegardées dans : Foundational/logs/run_2026-03-29_16-57-13/disorder_configs.npy
  0%|          | 0/400 [00:00<?, ?it/s]  0%|          | 0/400 [00:00<?, ?it/s]W0329 16:57:55.335044  891120 bfc_allocator.cc:501] Allocator (GPU_0_bfc) ran out of memory trying to allocate 4.45GiB (rounded to 4778069504)requested by op 
If the cause is memory fragmentation maybe the environment variable 'TF_GPU_ALLOCATOR=cuda_malloc_async' will improve the situation. 
Current allocation summary follows.
Current allocation summary follows.
W0329 16:57:55.335523  891120 bfc_allocator.cc:512] ___________________________________________________________________________________________________*
E0329 16:57:55.335552  891120 pjrt_stream_executor_client.cc:3314] Execution of replica 0 failed: RESOURCE_EXHAUSTED: Out of memory while trying to allocate 4778069296 bytes. [tf-allocator-allocation-error='']
  0%|          | 0/400 [00:41<?, ?it/s]
Traceback (most recent call last):
  File "/users/eleves-b/2024/nathan.dupuy/NeuralNetworkQuantumStates-3/Foundational/1D_avec_desordre_pluri_h0_et_exact.py", line 247, in <module>
    gs.run(
  File "/users/eleves-b/2024/nathan.dupuy/NeuralNetworkQuantumStates-3/netket_pro/packages/advanced_drivers/_src/driver/abstract_variational_driver.py", line 452, in run
    raise error
  File "/users/eleves-b/2024/nathan.dupuy/NeuralNetworkQuantumStates-3/netket_pro/packages/advanced_drivers/_src/driver/abstract_variational_driver.py", line 413, in run
    self._loss_stats, self._dp = self.compute_loss_and_update()
                                 ^^^^^^^^^^^^^^^^^^^^^^^^^^^^^^
  File "/users/eleves-b/2024/nathan.dupuy/miniconda3/envs/netket_env/lib/python3.11/site-packages/netket/utils/timing.py", line 292, in timed_function
    result = fun(*args, **kwargs)  # type: ignore[misc]
             ^^^^^^^^^^^^^^^^^^^^
  File "/users/eleves-b/2024/nathan.dupuy/NeuralNetworkQuantumStates-3/netket_pro/experiments/netket_foundational/_src/driver/ngd/driver_vmc_ngd.py", line 196, in compute_loss_and_update
    self._dp, self._old_updates, self.info = self.update_fn(
                                             ^^^^^^^^^^^^^^^
  File "/users/eleves-b/2024/nathan.dupuy/miniconda3/envs/netket_env/lib/python3.11/site-packages/netket/utils/timing.py", line 292, in timed_function
    result = fun(*args, **kwargs)  # type: ignore[misc]
             ^^^^^^^^^^^^^^^^^^^^
jaxlib._jax.XlaRuntimeError: RESOURCE_EXHAUSTED: Out of memory while trying to allocate 4778069296 bytes.
--------------------
For simplicity, JAX has removed its internal frames from the traceback of the following exception. Set JAX_TRACEBACK_FILTERING=off to include these.
