/users/eleves-b/2024/nathan.dupuy/NeuralNetworkQuantumStates-3/netket_pro/experiments/netket_foundational/_src/vqs/state.py:335: FutureWarning: Call to deprecated function 'check_chunk_size' (This function has been removed. People should be free to use the chunk size they prefer.)
  check_chunk_size(n_samples, self.chunk_size)
L=64, patches=16, params ViT: {'num_layers': 4, 'd_model': 60, 'heads': 10, 'b': 4, 'L_eff': 16}
Forme des paramètres de désordre : (110, 64)
Configurations de désordre sauvegardées dans : Foundational/logs/run_2026-03-29_16-57-13/disorder_configs.npy
  0%|          | 0/400 [00:00<?, ?it/s]  0%|          | 0/400 [00:00<?, ?it/s]W0329 16:57:22.690764  360263 bfc_allocator.cc:310] Allocator (GPU_0_bfc) ran out of memory trying to allocate 1.65GiB with freed_by_count=0. The caller indicates that this is not a failure, but this may mean that there could be performance gains if more memory were available.
  0%|          | 0/400 [00:09<?, ?it/s]
Traceback (most recent call last):
  File "/users/eleves-b/2024/nathan.dupuy/NeuralNetworkQuantumStates-3/Foundational/1D_avec_desordre_pluri_h0_et_exact.py", line 247, in <module>
    gs.run(
  File "/users/eleves-b/2024/nathan.dupuy/NeuralNetworkQuantumStates-3/netket_pro/packages/advanced_drivers/_src/driver/abstract_variational_driver.py", line 452, in run
    raise error
  File "/users/eleves-b/2024/nathan.dupuy/NeuralNetworkQuantumStates-3/netket_pro/packages/advanced_drivers/_src/driver/abstract_variational_driver.py", line 413, in run
    self._loss_stats, self._dp = self.compute_loss_and_update()
                                 ^^^^^^^^^^^^^^^^^^^^^^^^^^^^^^
  File "/users/eleves-b/2024/nathan.dupuy/miniconda3/envs/netket_env/lib/python3.11/site-packages/netket/utils/timing.py", line 292, in timed_function
    result = fun(*args, **kwargs)  # type: ignore[misc]
             ^^^^^^^^^^^^^^^^^^^^
  File "/users/eleves-b/2024/nathan.dupuy/NeuralNetworkQuantumStates-3/netket_pro/experiments/netket_foundational/_src/driver/ngd/driver_vmc_ngd.py", line 176, in compute_loss_and_update
    local_grad, local_loss = self._kernel(
                             ^^^^^^^^^^^^^
jaxlib._jax.XlaRuntimeError: RESOURCE_EXHAUSTED: Out of memory while trying to allocate 1773961216 bytes.
--------------------
For simplicity, JAX has removed its internal frames from the traceback of the following exception. Set JAX_TRACEBACK_FILTERING=off to include these.
